// Jest Snapshot v1, https://goo.gl/fbAQLP

exports[`Should render List Item for specific expense 1`] = `
<div>
  <Link
    to="/edit/2"
  >
    <h3>
      Rent
    </h3>
  </Link>
  <p>
    295000
     - 
    -345600000
  </p>
</div>
`;
